// Jest Snapshot v1, https://goo.gl/fbAQLP

exports[`Search Form renders the component 1`] = `
<DocumentFragment>
  <div
    class="search-form"
  >
    <input
      class="search-form_text-box"
      placeholder="Enter city..."
      type="text"
      value="Manchester"
    />
    <button
      class="search-form_button"
      data-testid="button"
      type="submit"
    >
      Search
    </button>
  </div>
</DocumentFragment>
`;
